// Vitest Snapshot v1

exports[`Simple working test > Should render correctly 1`] = `
<div
  class="container"
>
  <h1>
    Your TODO
  </h1>
  <div
    style="padding: 16px;"
  >
    <h2>
      Choose task filter
    </h2>
    <div>
      <input
        checked=""
        defaultvalue="all"
        id="all"
        name="all"
        type="checkbox"
        value="all"
      />
      <label
        for="all"
      >
        All
      </label>
      <input
        defaultvalue="active"
        id="active"
        name="active"
        type="checkbox"
        value="active"
      />
      <label
        for="Active"
      >
        Active
      </label>
      <input
        defaultvalue="completed"
        id="completed"
        name="completed"
        type="checkbox"
        value="completed"
      />
      <label
        for="completed"
      >
        Completed
      </label>
    </div>
  </div>
  <form>
    <input
      defaultvalue=""
      type="text"
    />
    <button
      type="submit"
    >
      Add
    </button>
  </form>
  <div
    style="padding: 16px;"
  >
    <div>
      <input
        checked=""
        id="1"
        type="checkbox"
      />
      <label
        for="1"
      >
        Task AAA
      </label>
    </div>
    <div>
      <input
        id="2"
        type="checkbox"
      />
      <label
        for="2"
      >
        Task BBB
      </label>
    </div>
    <div>
      <input
        id="3"
        type="checkbox"
      />
      <label
        for="3"
      >
        Task CCC
      </label>
    </div>
  </div>
</div>
`;
